Archive member included to satisfy reference by file (symbol)

e:/program files/avr/bin/../lib/gcc/avr/5.4.0/avr5\libgcc.a(_divmodhi4.o)
                              build/default/debug/mLCD.o (__divmodhi4)
e:/program files/avr/bin/../lib/gcc/avr/5.4.0/avr5\libgcc.a(_copy_data.o)
                              build/default/debug/main.o (__do_copy_data)
e:/program files/avr/bin/../lib/gcc/avr/5.4.0/avr5\libgcc.a(_udivmodhi4.o)
                              e:/program files/avr/bin/../lib/gcc/avr/5.4.0/avr5\libgcc.a(_divmodhi4.o) (__udivmodhi4)
e:/program files/avr/bin/../lib/gcc/avr/5.4.0/../../../../avr/lib/avr5\libc.a(exit.o)
                              E:/Program Files/mplabx/packs/Microchip/ATmega_DFP/3.1.264/xc8/avr/lib/avr5/crtatmega32a.o (exit)
e:/program files/avr/bin/../lib/gcc/avr/5.4.0/../../../../avr/lib/avr5\libc.a(_Exit.o)
                              e:/program files/avr/bin/../lib/gcc/avr/5.4.0/../../../../avr/lib/avr5\libc.a(exit.o) (_Exit)
e:/program files/avr/bin/../lib/gcc/avr/5.4.0/avr5\libgcc.a(_exit.o)
                              e:/program files/avr/bin/../lib/gcc/avr/5.4.0/../../../../avr/lib/avr5\libc.a(_Exit.o) (_exit)

Discarded input sections

 .data          0x0000000000000000        0x0 E:/Program Files/mplabx/packs/Microchip/ATmega_DFP/3.1.264/xc8/avr/lib/avr5/crtatmega32a.o
 .bss           0x0000000000000000        0x0 E:/Program Files/mplabx/packs/Microchip/ATmega_DFP/3.1.264/xc8/avr/lib/avr5/crtatmega32a.o
 .text          0x0000000000000000        0x0 build/default/debug/DIO.o
 .data          0x0000000000000000        0x0 build/default/debug/DIO.o
 .bss           0x0000000000000000        0x0 build/default/debug/DIO.o
 .text.setPINA_dir
                0x0000000000000000       0x44 build/default/debug/DIO.o
 .text.setPINB_dir
                0x0000000000000000       0x44 build/default/debug/DIO.o
 .text.setPINC_dir
                0x0000000000000000       0x44 build/default/debug/DIO.o
 .text.setPINA  0x0000000000000000       0x60 build/default/debug/DIO.o
 .text.setPINB  0x0000000000000000       0x60 build/default/debug/DIO.o
 .text.setPINC  0x0000000000000000       0x60 build/default/debug/DIO.o
 .text.setPORTA_dir
                0x0000000000000000       0x14 build/default/debug/DIO.o
 .text.setPORTB_dir
                0x0000000000000000       0x14 build/default/debug/DIO.o
 .text.setPORTD_dir
                0x0000000000000000       0x14 build/default/debug/DIO.o
 .text.setPORTA_dir_val
                0x0000000000000000       0x20 build/default/debug/DIO.o
 .text.setPORTB_dir_val
                0x0000000000000000       0x20 build/default/debug/DIO.o
 .text.setPORTC_dir_val
                0x0000000000000000       0x20 build/default/debug/DIO.o
 .text.setPORTD_dir_val
                0x0000000000000000       0x20 build/default/debug/DIO.o
 .text.readPINA
                0x0000000000000000       0x18 build/default/debug/DIO.o
 .text.readPINB
                0x0000000000000000       0x18 build/default/debug/DIO.o
 .text.readPINC
                0x0000000000000000       0x18 build/default/debug/DIO.o
 .text.readPIND
                0x0000000000000000       0x18 build/default/debug/DIO.o
 .text.readPORTA
                0x0000000000000000        0x4 build/default/debug/DIO.o
 .text.readPORTB
                0x0000000000000000        0x4 build/default/debug/DIO.o
 .text.readPORTC
                0x0000000000000000        0x4 build/default/debug/DIO.o
 .text.readPORTD
                0x0000000000000000        0x4 build/default/debug/DIO.o
 .text          0x0000000000000000        0x0 build/default/debug/LEDs.o
 .data          0x0000000000000000        0x0 build/default/debug/LEDs.o
 .bss           0x0000000000000000        0x0 build/default/debug/LEDs.o
 .text.initLED  0x0000000000000000       0x26 build/default/debug/LEDs.o
 .text.LED_on   0x0000000000000000       0x3a build/default/debug/LEDs.o
 .text.LED_off  0x0000000000000000       0x3a build/default/debug/LEDs.o
 .text.LED_toggle
                0x0000000000000000       0x3a build/default/debug/LEDs.o
 .debug_info    0x0000000000000000      0x463 build/default/debug/LEDs.o
 .debug_abbrev  0x0000000000000000       0xaa build/default/debug/LEDs.o
 .debug_loc     0x0000000000000000      0x126 build/default/debug/LEDs.o
 .debug_aranges
                0x0000000000000000       0x38 build/default/debug/LEDs.o
 .debug_ranges  0x0000000000000000       0x28 build/default/debug/LEDs.o
 .debug_line    0x0000000000000000       0xe9 build/default/debug/LEDs.o
 .debug_str     0x0000000000000000       0x18 build/default/debug/LEDs.o
 .comment       0x0000000000000000       0x30 build/default/debug/LEDs.o
 .debug_frame   0x0000000000000000       0x54 build/default/debug/LEDs.o
 .text          0x0000000000000000        0x0 build/default/debug/buttons.o
 .data          0x0000000000000000        0x0 build/default/debug/buttons.o
 .bss           0x0000000000000000        0x0 build/default/debug/buttons.o
 .text.initBUTTON
                0x0000000000000000       0x26 build/default/debug/buttons.o
 .text.isPressedA
                0x0000000000000000        0x8 build/default/debug/buttons.o
 .text.isPressedB
                0x0000000000000000        0x8 build/default/debug/buttons.o
 .text.isPressedC
                0x0000000000000000        0x8 build/default/debug/buttons.o
 .text.isPressedD
                0x0000000000000000        0x8 build/default/debug/buttons.o
 .text.isPressed
                0x0000000000000000       0x58 build/default/debug/buttons.o
 .debug_info    0x0000000000000000      0x435 build/default/debug/buttons.o
 .debug_abbrev  0x0000000000000000       0xa5 build/default/debug/buttons.o
 .debug_loc     0x0000000000000000      0x104 build/default/debug/buttons.o
 .debug_aranges
                0x0000000000000000       0x48 build/default/debug/buttons.o
 .debug_ranges  0x0000000000000000       0x38 build/default/debug/buttons.o
 .debug_line    0x0000000000000000      0x106 build/default/debug/buttons.o
 .debug_str     0x0000000000000000       0x43 build/default/debug/buttons.o
 .comment       0x0000000000000000       0x30 build/default/debug/buttons.o
 .debug_frame   0x0000000000000000       0x74 build/default/debug/buttons.o
 .text          0x0000000000000000        0x0 build/default/debug/keypad.o
 .data          0x0000000000000000        0x0 build/default/debug/keypad.o
 .bss           0x0000000000000000        0x0 build/default/debug/keypad.o
 .text.initKEYPAD
                0x0000000000000000        0xc build/default/debug/keypad.o
 .text.readkey  0x0000000000000000        0x4 build/default/debug/keypad.o
 .debug_info    0x0000000000000000      0x243 build/default/debug/keypad.o
 .debug_abbrev  0x0000000000000000       0x5c build/default/debug/keypad.o
 .debug_aranges
                0x0000000000000000       0x28 build/default/debug/keypad.o
 .debug_ranges  0x0000000000000000       0x18 build/default/debug/keypad.o
 .debug_line    0x0000000000000000       0x8a build/default/debug/keypad.o
 .debug_str     0x0000000000000000        0x0 build/default/debug/keypad.o
 .comment       0x0000000000000000       0x30 build/default/debug/keypad.o
 .debug_frame   0x0000000000000000       0x34 build/default/debug/keypad.o
 .text          0x0000000000000000        0x0 build/default/debug/mLCD.o
 .data          0x0000000000000000        0x0 build/default/debug/mLCD.o
 .bss           0x0000000000000000        0x0 build/default/debug/mLCD.o
 .text.LCD_data
                0x0000000000000000       0x1c build/default/debug/mLCD.o
 .text.LCD_data_str
                0x0000000000000000       0x1e build/default/debug/mLCD.o
 .text.LCD_data_num
                0x0000000000000000       0xee build/default/debug/mLCD.o
 .text          0x0000000000000000        0x0 build/default/debug/main.o
 .data          0x0000000000000000        0x0 build/default/debug/main.o
 .bss           0x0000000000000000        0x0 build/default/debug/main.o
 .text          0x0000000000000000        0x0 build/default/debug/outdev.o
 .data          0x0000000000000000        0x0 build/default/debug/outdev.o
 .bss           0x0000000000000000        0x0 build/default/debug/outdev.o
 .text.initBUZZER
                0x0000000000000000        0xe build/default/debug/outdev.o
 .text.initRELAY
                0x0000000000000000        0xe build/default/debug/outdev.o
 .text.BUZEER_on
                0x0000000000000000        0xe build/default/debug/outdev.o
 .text.BUZEER_off
                0x0000000000000000        0xe build/default/debug/outdev.o
 .text.RELAY_on
                0x0000000000000000        0xe build/default/debug/outdev.o
 .text.RELAY_off
                0x0000000000000000        0xe build/default/debug/outdev.o
 .debug_info    0x0000000000000000      0x382 build/default/debug/outdev.o
 .debug_abbrev  0x0000000000000000       0x74 build/default/debug/outdev.o
 .debug_aranges
                0x0000000000000000       0x48 build/default/debug/outdev.o
 .debug_ranges  0x0000000000000000       0x38 build/default/debug/outdev.o
 .debug_line    0x0000000000000000       0xaf build/default/debug/outdev.o
 .debug_str     0x0000000000000000        0xc build/default/debug/outdev.o
 .comment       0x0000000000000000       0x30 build/default/debug/outdev.o
 .debug_frame   0x0000000000000000       0x74 build/default/debug/outdev.o
 .text          0x0000000000000000        0x0 build/default/debug/mLCD4.o
 .data          0x0000000000000000        0x0 build/default/debug/mLCD4.o
 .bss           0x0000000000000000        0x0 build/default/debug/mLCD4.o
 .text.LCD4_cmd
                0x0000000000000000       0x42 build/default/debug/mLCD4.o
 .text.initLCD4
                0x0000000000000000       0x5a build/default/debug/mLCD4.o
 .text          0x0000000000000000        0x0 e:/program files/avr/bin/../lib/gcc/avr/5.4.0/avr5\libgcc.a(_divmodhi4.o)
 .data          0x0000000000000000        0x0 e:/program files/avr/bin/../lib/gcc/avr/5.4.0/avr5\libgcc.a(_divmodhi4.o)
 .bss           0x0000000000000000        0x0 e:/program files/avr/bin/../lib/gcc/avr/5.4.0/avr5\libgcc.a(_divmodhi4.o)
 .text.libgcc.mul
                0x0000000000000000        0x0 e:/program files/avr/bin/../lib/gcc/avr/5.4.0/avr5\libgcc.a(_divmodhi4.o)
 .stack.descriptors
                0x0000000000000000       0x19 e:/program files/avr/bin/../lib/gcc/avr/5.4.0/avr5\libgcc.a(_divmodhi4.o)
 .text.libgcc   0x0000000000000000        0x0 e:/program files/avr/bin/../lib/gcc/avr/5.4.0/avr5\libgcc.a(_divmodhi4.o)
 .text.libgcc.prologue
                0x0000000000000000        0x0 e:/program files/avr/bin/../lib/gcc/avr/5.4.0/avr5\libgcc.a(_divmodhi4.o)
 .text.libgcc.builtins
                0x0000000000000000        0x0 e:/program files/avr/bin/../lib/gcc/avr/5.4.0/avr5\libgcc.a(_divmodhi4.o)
 .text.libgcc.fmul
                0x0000000000000000        0x0 e:/program files/avr/bin/../lib/gcc/avr/5.4.0/avr5\libgcc.a(_divmodhi4.o)
 .text.libgcc.fixed
                0x0000000000000000        0x0 e:/program files/avr/bin/../lib/gcc/avr/5.4.0/avr5\libgcc.a(_divmodhi4.o)
 .text          0x0000000000000000        0x0 e:/program files/avr/bin/../lib/gcc/avr/5.4.0/avr5\libgcc.a(_copy_data.o)
 .data          0x0000000000000000        0x0 e:/program files/avr/bin/../lib/gcc/avr/5.4.0/avr5\libgcc.a(_copy_data.o)
 .bss           0x0000000000000000        0x0 e:/program files/avr/bin/../lib/gcc/avr/5.4.0/avr5\libgcc.a(_copy_data.o)
 .text.libgcc.mul
                0x0000000000000000        0x0 e:/program files/avr/bin/../lib/gcc/avr/5.4.0/avr5\libgcc.a(_copy_data.o)
 .text.libgcc.div
                0x0000000000000000        0x0 e:/program files/avr/bin/../lib/gcc/avr/5.4.0/avr5\libgcc.a(_copy_data.o)
 .text.libgcc   0x0000000000000000        0x0 e:/program files/avr/bin/../lib/gcc/avr/5.4.0/avr5\libgcc.a(_copy_data.o)
 .text.libgcc.prologue
                0x0000000000000000        0x0 e:/program files/avr/bin/../lib/gcc/avr/5.4.0/avr5\libgcc.a(_copy_data.o)
 .text.libgcc.builtins
                0x0000000000000000        0x0 e:/program files/avr/bin/../lib/gcc/avr/5.4.0/avr5\libgcc.a(_copy_data.o)
 .text.libgcc.fmul
                0x0000000000000000        0x0 e:/program files/avr/bin/../lib/gcc/avr/5.4.0/avr5\libgcc.a(_copy_data.o)
 .text.libgcc.fixed
                0x0000000000000000        0x0 e:/program files/avr/bin/../lib/gcc/avr/5.4.0/avr5\libgcc.a(_copy_data.o)
 .text          0x0000000000000000        0x0 e:/program files/avr/bin/../lib/gcc/avr/5.4.0/avr5\libgcc.a(_udivmodhi4.o)
 .data          0x0000000000000000        0x0 e:/program files/avr/bin/../lib/gcc/avr/5.4.0/avr5\libgcc.a(_udivmodhi4.o)
 .bss           0x0000000000000000        0x0 e:/program files/avr/bin/../lib/gcc/avr/5.4.0/avr5\libgcc.a(_udivmodhi4.o)
 .text.libgcc.mul
                0x0000000000000000        0x0 e:/program files/avr/bin/../lib/gcc/avr/5.4.0/avr5\libgcc.a(_udivmodhi4.o)
 .stack.descriptors
                0x0000000000000000       0x1a e:/program files/avr/bin/../lib/gcc/avr/5.4.0/avr5\libgcc.a(_udivmodhi4.o)
 .text.libgcc   0x0000000000000000        0x0 e:/program files/avr/bin/../lib/gcc/avr/5.4.0/avr5\libgcc.a(_udivmodhi4.o)
 .text.libgcc.prologue
                0x0000000000000000        0x0 e:/program files/avr/bin/../lib/gcc/avr/5.4.0/avr5\libgcc.a(_udivmodhi4.o)
 .text.libgcc.builtins
                0x0000000000000000        0x0 e:/program files/avr/bin/../lib/gcc/avr/5.4.0/avr5\libgcc.a(_udivmodhi4.o)
 .text.libgcc.fmul
                0x0000000000000000        0x0 e:/program files/avr/bin/../lib/gcc/avr/5.4.0/avr5\libgcc.a(_udivmodhi4.o)
 .text.libgcc.fixed
                0x0000000000000000        0x0 e:/program files/avr/bin/../lib/gcc/avr/5.4.0/avr5\libgcc.a(_udivmodhi4.o)
 .text          0x0000000000000000        0x0 e:/program files/avr/bin/../lib/gcc/avr/5.4.0/../../../../avr/lib/avr5\libc.a(exit.o)
 .data          0x0000000000000000        0x0 e:/program files/avr/bin/../lib/gcc/avr/5.4.0/../../../../avr/lib/avr5\libc.a(exit.o)
 .bss           0x0000000000000000        0x0 e:/program files/avr/bin/../lib/gcc/avr/5.4.0/../../../../avr/lib/avr5\libc.a(exit.o)
 .stack.descriptors
                0x0000000000000000       0x73 e:/program files/avr/bin/../lib/gcc/avr/5.4.0/../../../../avr/lib/avr5\libc.a(exit.o)
 .text          0x0000000000000000        0x0 e:/program files/avr/bin/../lib/gcc/avr/5.4.0/../../../../avr/lib/avr5\libc.a(_Exit.o)
 .data          0x0000000000000000        0x0 e:/program files/avr/bin/../lib/gcc/avr/5.4.0/../../../../avr/lib/avr5\libc.a(_Exit.o)
 .bss           0x0000000000000000        0x0 e:/program files/avr/bin/../lib/gcc/avr/5.4.0/../../../../avr/lib/avr5\libc.a(_Exit.o)
 .stack.descriptors
                0x0000000000000000       0x13 e:/program files/avr/bin/../lib/gcc/avr/5.4.0/../../../../avr/lib/avr5\libc.a(_Exit.o)
 .text          0x0000000000000000        0x0 e:/program files/avr/bin/../lib/gcc/avr/5.4.0/avr5\libgcc.a(_exit.o)
 .data          0x0000000000000000        0x0 e:/program files/avr/bin/../lib/gcc/avr/5.4.0/avr5\libgcc.a(_exit.o)
 .bss           0x0000000000000000        0x0 e:/program files/avr/bin/../lib/gcc/avr/5.4.0/avr5\libgcc.a(_exit.o)
 .text.libgcc.mul
                0x0000000000000000        0x0 e:/program files/avr/bin/../lib/gcc/avr/5.4.0/avr5\libgcc.a(_exit.o)
 .text.libgcc.div
                0x0000000000000000        0x0 e:/program files/avr/bin/../lib/gcc/avr/5.4.0/avr5\libgcc.a(_exit.o)
 .text.libgcc   0x0000000000000000        0x0 e:/program files/avr/bin/../lib/gcc/avr/5.4.0/avr5\libgcc.a(_exit.o)
 .text.libgcc.prologue
                0x0000000000000000        0x0 e:/program files/avr/bin/../lib/gcc/avr/5.4.0/avr5\libgcc.a(_exit.o)
 .stack.descriptors
                0x0000000000000000       0x13 e:/program files/avr/bin/../lib/gcc/avr/5.4.0/avr5\libgcc.a(_exit.o)
 .text.libgcc.builtins
                0x0000000000000000        0x0 e:/program files/avr/bin/../lib/gcc/avr/5.4.0/avr5\libgcc.a(_exit.o)
 .text.libgcc.fmul
                0x0000000000000000        0x0 e:/program files/avr/bin/../lib/gcc/avr/5.4.0/avr5\libgcc.a(_exit.o)
 .text.libgcc.fixed
                0x0000000000000000        0x0 e:/program files/avr/bin/../lib/gcc/avr/5.4.0/avr5\libgcc.a(_exit.o)

Memory Configuration

Name             Origin             Length             Attributes
text             0x0000000000000000 0x0000000000008000 xr
data             0x0000000000800060 0x0000000000000800 rw !x
eeprom           0x0000000000810000 0x0000000000000400 rw !x
fuse             0x0000000000820000 0x0000000000000002 rw !x
lock             0x0000000000830000 0x0000000000000400 rw !x
signature        0x0000000000840000 0x0000000000000400 rw !x
user_signatures  0x0000000000850000 0x0000000000000400 rw !x
bootrow          0x0000000000860000 0x0000000000000400 rw !x
*default*        0x0000000000000000 0xffffffffffffffff

Linker script and memory map

LOAD E:/Program Files/mplabx/packs/Microchip/ATmega_DFP/3.1.264/xc8/avr/lib/avr5/crtatmega32a.o
                0x0000000000000001                __MPLAB_BUILD = 0x1
LOAD build/default/debug/DIO.o
LOAD build/default/debug/LEDs.o
LOAD build/default/debug/buttons.o
LOAD build/default/debug/keypad.o
LOAD build/default/debug/mLCD.o
LOAD build/default/debug/main.o
LOAD build/default/debug/outdev.o
LOAD build/default/debug/mLCD4.o
START GROUP
LOAD e:/program files/avr/bin/../lib/gcc/avr/5.4.0/../../../../avr/lib/avr5\libm.a
END GROUP
                0x0000000000000001                __MPLAB_DEBUG = 0x1
                0x0000000000000001                __DEBUG = 0x1
START GROUP
LOAD e:/program files/avr/bin/../lib/gcc/avr/5.4.0/avr5\libgcc.a
LOAD e:/program files/avr/bin/../lib/gcc/avr/5.4.0/../../../../avr/lib/avr5\libm.a
LOAD e:/program files/avr/bin/../lib/gcc/avr/5.4.0/../../../../avr/lib/avr5\libc.a
LOAD E:/Program Files/mplabx/packs/Microchip/ATmega_DFP/3.1.264/xc8/avr/lib/avr5\libatmega32a.a
END GROUP
                [0x0000000000000000]                __TEXT_REGION_ORIGIN__ = DEFINED (__TEXT_REGION_ORIGIN__)?__TEXT_REGION_ORIGIN__:0x0
                [0x0000000000800060]                __DATA_REGION_ORIGIN__ = DEFINED (__DATA_REGION_ORIGIN__)?__DATA_REGION_ORIGIN__:0x800060
                [0x0000000000008000]                __TEXT_REGION_LENGTH__ = DEFINED (__TEXT_REGION_LENGTH__)?__TEXT_REGION_LENGTH__:0x20000
                [0x0000000000000800]                __DATA_REGION_LENGTH__ = DEFINED (__DATA_REGION_LENGTH__)?__DATA_REGION_LENGTH__:0xffa0
                [0x0000000000000400]                __EEPROM_REGION_LENGTH__ = DEFINED (__EEPROM_REGION_LENGTH__)?__EEPROM_REGION_LENGTH__:0x10000
                [0x0000000000000002]                __FUSE_REGION_LENGTH__ = DEFINED (__FUSE_REGION_LENGTH__)?__FUSE_REGION_LENGTH__:0x400
                0x0000000000000400                __LOCK_REGION_LENGTH__ = DEFINED (__LOCK_REGION_LENGTH__)?__LOCK_REGION_LENGTH__:0x400
                0x0000000000000400                __SIGNATURE_REGION_LENGTH__ = DEFINED (__SIGNATURE_REGION_LENGTH__)?__SIGNATURE_REGION_LENGTH__:0x400
                0x0000000000000400                __USER_SIGNATURE_REGION_LENGTH__ = DEFINED (__USER_SIGNATURE_REGION_LENGTH__)?__USER_SIGNATURE_REGION_LENGTH__:0x400
                0x0000000000000400                __BOOTROW_REGION_LENGTH__ = DEFINED (__BOOTROW_REGION_LENGTH__)?__BOOTROW_REGION_LENGTH__:0x400

.hash
 *(.hash)

.dynsym
 *(.dynsym)

.dynstr
 *(.dynstr)

.gnu.version
 *(.gnu.version)

.gnu.version_d
 *(.gnu.version_d)

.gnu.version_r
 *(.gnu.version_r)

.rel.init
 *(.rel.init)

.rela.init
 *(.rela.init)

.rel.text
 *(.rel.text)
 *(.rel.text.*)
 *(.rel.gnu.linkonce.t*)

.rela.text
 *(.rela.text)
 *(.rela.text.*)
 *(.rela.gnu.linkonce.t*)

.rel.fini
 *(.rel.fini)

.rela.fini
 *(.rela.fini)

.rel.rodata
 *(.rel.rodata)
 *(.rel.rodata.*)
 *(.rel.gnu.linkonce.r*)

.rela.rodata
 *(.rela.rodata)
 *(.rela.rodata.*)
 *(.rela.gnu.linkonce.r*)

.rel.data
 *(.rel.data)
 *(.rel.data.*)
 *(.rel.gnu.linkonce.d*)

.rela.data
 *(.rela.data)
 *(.rela.data.*)
 *(.rela.gnu.linkonce.d*)

.rel.ctors
 *(.rel.ctors)

.rela.ctors
 *(.rela.ctors)

.rel.dtors
 *(.rel.dtors)

.rela.dtors
 *(.rela.dtors)

.rel.got
 *(.rel.got)

.rela.got
 *(.rela.got)

.rel.bss
 *(.rel.bss)

.rela.bss
 *(.rela.bss)

.rel.plt
 *(.rel.plt)

.rela.plt
 *(.rela.plt)

.text           0x0000000000000000       0xb0
 *(.vectors)
 .vectors       0x0000000000000000       0x54 E:/Program Files/mplabx/packs/Microchip/ATmega_DFP/3.1.264/xc8/avr/lib/avr5/crtatmega32a.o
                0x0000000000000000                __vector_default
                0x0000000000000000                __vectors
 *(.vectors)
 *(.progmem.gcc*)
 *(.dinit)
 .dinit         0x0000000000000054        0x7 data_init
                0x000000000000005c                . = ALIGN (0x2)
 *fill*         0x000000000000005b        0x1 
                0x000000000000005c                __trampolines_start = .
 *(.trampolines)
 .trampolines   0x000000000000005c        0x0 linker stubs
 *(.trampolines*)
                0x000000000000005c                __trampolines_end = .
 *libprintf_flt.a:*(.progmem.data)
 *libc.a:*(.progmem.data)
                0x000000000000005c                . = ALIGN (0x2)
 *(.jumptables)
 *(.jumptables*)
 *(.lowtext)
 *(.lowtext*)
                0x000000000000005c                __ctors_start = .
 *(.ctors)
                0x000000000000005c                __ctors_end = .
                0x000000000000005c                __dtors_start = .
 *(.dtors)
                0x000000000000005c                __dtors_end = .
 SORT(*)(.ctors)
 SORT(*)(.dtors)
 *(.init0)
 .init0         0x000000000000005c        0x0 E:/Program Files/mplabx/packs/Microchip/ATmega_DFP/3.1.264/xc8/avr/lib/avr5/crtatmega32a.o
                0x000000000000005c                __init
 *(.init0)
 *(.init1)
 *(.init1)
 *(.init2)
 .init2         0x000000000000005c        0xc E:/Program Files/mplabx/packs/Microchip/ATmega_DFP/3.1.264/xc8/avr/lib/avr5/crtatmega32a.o
 *(.init2)
 *(.init3)
 *(.init3)
 *(.init4)
 .init4         0x0000000000000068       0x3c e:/program files/avr/bin/../lib/gcc/avr/5.4.0/avr5\libgcc.a(_copy_data.o)
                0x0000000000000068                __do_copy_data
                0x0000000000000096                __do_clear_bss
 *(.init4)
 *(.init5)
 *(.init5)
 *(.init6)
 *(.init6)
 *(.init7)
 *(.init7)
 *(.init8)
 *(.init8)
 *(.init9)
 .init9         0x00000000000000a4        0x8 E:/Program Files/mplabx/packs/Microchip/ATmega_DFP/3.1.264/xc8/avr/lib/avr5/crtatmega32a.o
 *(.init9)
                0x00000000000000ac                . = ALIGN (0x2)
 *(.fini9)
 .fini9         0x00000000000000ac        0x0 e:/program files/avr/bin/../lib/gcc/avr/5.4.0/avr5\libgcc.a(_exit.o)
                0x00000000000000ac                _exit
 *(.fini9)
 *(.fini8)
 *(.fini8)
 *(.fini7)
 *(.fini7)
 *(.fini6)
 *(.fini6)
 *(.fini5)
 *(.fini5)
 *(.fini4)
 *(.fini4)
 *(.fini3)
 *(.fini3)
 *(.fini2)
 *(.fini2)
 *(.fini1)
 *(.fini1)
 *(.fini0)
 .fini0         0x00000000000000ac        0x4 e:/program files/avr/bin/../lib/gcc/avr/5.4.0/avr5\libgcc.a(_exit.o)
 *(.fini0)
                0x00000000000000b0                _etext = .

.data           0x0000000000800060        0x0 load address 0x00000000000000b0
                [!provide]                        PROVIDE (__data_start, .)
 *(.gnu.linkonce.d*)
 *(.gnu.linkonce.r*)
                0x0000000000800060                . = ALIGN (0x2)
                0x0000000000800060                _edata = .
                [!provide]                        PROVIDE (__data_end, .)

.bss            0x0000000000800060        0x0
                [!provide]                        PROVIDE (__bss_start, .)
 *(COMMON)
                [!provide]                        PROVIDE (__bss_end, .)
                0x00000000000000b0                __data_load_start = LOADADDR (.data)
                0x00000000000000b0                __data_load_end = (__data_load_start + SIZEOF (.data))

.noinit         0x0000000000800060        0x0
                [!provide]                        PROVIDE (__noinit_start, .)
 *(.noinit*)
                [!provide]                        PROVIDE (__noinit_end, .)
                0x0000000000800060                _end = .

.eeprom         0x0000000000810000        0x0
 *(.eeprom*)
                0x0000000000810000                __eeprom_end = .

.fuse
 *(.fuse)
 *(.lfuse)
 *(.hfuse)
 *(.efuse)

.lock
 *(.lock*)

.signature
 *(.signature*)

.user_signatures
 *(.user_signatures*)

.bootrow
 *(.bootrow*)

.stab
 *(.stab)

.stabstr
 *(.stabstr)

.stab.excl
 *(.stab.excl)

.stab.exclstr
 *(.stab.exclstr)

.stab.index
 *(.stab.index)

.stab.indexstr
 *(.stab.indexstr)

.comment        0x0000000000000000       0x5b
 *(.comment)
 .comment       0x0000000000000000       0x2f build/default/debug/DIO.o
                                         0x30 (size before relaxing)
 .comment       0x000000000000002f       0x30 build/default/debug/mLCD.o
 .comment       0x000000000000002f       0x30 build/default/debug/main.o
 .comment       0x000000000000002f       0x30 build/default/debug/mLCD4.o
 .comment       0x000000000000002f       0x2c e:/program files/avr/bin/../lib/gcc/avr/5.4.0/../../../../avr/lib/avr5\libc.a(exit.o)
                                         0x2d (size before relaxing)
 .comment       0x000000000000005b       0x2d e:/program files/avr/bin/../lib/gcc/avr/5.4.0/../../../../avr/lib/avr5\libc.a(_Exit.o)

.stack.descriptors.hdr
                0x0000000000000000       0x46
 .stack.descriptors.hdr
                0x0000000000000000        0xe e:/program files/avr/bin/../lib/gcc/avr/5.4.0/avr5\libgcc.a(_divmodhi4.o)
 .stack.descriptors.hdr
                0x000000000000000e        0xe e:/program files/avr/bin/../lib/gcc/avr/5.4.0/avr5\libgcc.a(_udivmodhi4.o)
 .stack.descriptors.hdr
                0x000000000000001c        0xe e:/program files/avr/bin/../lib/gcc/avr/5.4.0/../../../../avr/lib/avr5\libc.a(exit.o)
 .stack.descriptors.hdr
                0x000000000000002a        0xe e:/program files/avr/bin/../lib/gcc/avr/5.4.0/../../../../avr/lib/avr5\libc.a(_Exit.o)
 .stack.descriptors.hdr
                0x0000000000000038        0xe e:/program files/avr/bin/../lib/gcc/avr/5.4.0/avr5\libgcc.a(_exit.o)

.note.GNU-stack
                0x0000000000000000        0x0
 .note.GNU-stack
                0x0000000000000000        0x0 e:/program files/avr/bin/../lib/gcc/avr/5.4.0/../../../../avr/lib/avr5\libc.a(exit.o)
 .note.GNU-stack
                0x0000000000000000        0x0 e:/program files/avr/bin/../lib/gcc/avr/5.4.0/../../../../avr/lib/avr5\libc.a(_Exit.o)

.note.gnu.build-id
 *(.note.gnu.build-id)

.debug
 *(.debug)

.line
 *(.line)

.debug_srcinfo
 *(.debug_srcinfo)

.debug_sfnames
 *(.debug_sfnames)

.debug_aranges  0x0000000000000000      0x198
 *(.debug_aranges)
 .debug_aranges
                0x0000000000000000       0xd8 build/default/debug/DIO.o
 .debug_aranges
                0x00000000000000d8       0x50 build/default/debug/mLCD.o
 .debug_aranges
                0x0000000000000128       0x20 build/default/debug/main.o
 .debug_aranges
                0x0000000000000148       0x50 build/default/debug/mLCD4.o

.debug_pubnames
 *(.debug_pubnames)

.debug_info     0x0000000000000000     0x1e00
 *(.debug_info .gnu.linkonce.wi.*)
 .debug_info    0x0000000000000000      0x4e6 E:/Program Files/mplabx/packs/Microchip/ATmega_DFP/3.1.264/xc8/avr/lib/avr5/crtatmega32a.o
 .debug_info    0x00000000000004e6      0x720 build/default/debug/DIO.o
 .debug_info    0x0000000000000c06      0x70e build/default/debug/mLCD.o
 .debug_info    0x0000000000001314      0x3b0 build/default/debug/main.o
 .debug_info    0x00000000000016c4      0x73c build/default/debug/mLCD4.o

.debug_abbrev   0x0000000000000000      0x9a6
 *(.debug_abbrev)
 .debug_abbrev  0x0000000000000000      0x4a3 E:/Program Files/mplabx/packs/Microchip/ATmega_DFP/3.1.264/xc8/avr/lib/avr5/crtatmega32a.o
 .debug_abbrev  0x00000000000004a3       0xf0 build/default/debug/DIO.o
 .debug_abbrev  0x0000000000000593      0x17f build/default/debug/mLCD.o
 .debug_abbrev  0x0000000000000712      0x115 build/default/debug/main.o
 .debug_abbrev  0x0000000000000827      0x17f build/default/debug/mLCD4.o

.debug_line     0x0000000000000000      0xa7f
 *(.debug_line .debug_line.* .debug_line_end)
 .debug_line    0x0000000000000000      0x116 E:/Program Files/mplabx/packs/Microchip/ATmega_DFP/3.1.264/xc8/avr/lib/avr5/crtatmega32a.o
 .debug_line    0x0000000000000116      0x3f9 build/default/debug/DIO.o
 .debug_line    0x000000000000050f      0x21c build/default/debug/mLCD.o
 .debug_line    0x000000000000072b      0x100 build/default/debug/main.o
 .debug_line    0x000000000000082b      0x254 build/default/debug/mLCD4.o

.debug_frame    0x0000000000000000      0x358
 *(.debug_frame)
 .debug_frame   0x0000000000000000      0x194 build/default/debug/DIO.o
 .debug_frame   0x0000000000000194       0xc8 build/default/debug/mLCD.o
 .debug_frame   0x000000000000025c       0x24 build/default/debug/main.o
 .debug_frame   0x0000000000000280       0xd8 build/default/debug/mLCD4.o

.debug_str      0x0000000000000000      0x201
 *(.debug_str)
 .debug_str     0x0000000000000000      0x196 E:/Program Files/mplabx/packs/Microchip/ATmega_DFP/3.1.264/xc8/avr/lib/avr5/crtatmega32a.o
 .debug_str     0x0000000000000196        0xe build/default/debug/DIO.o
 .debug_str     0x00000000000001a4       0x19 build/default/debug/mLCD.o
 .debug_str     0x00000000000001bd       0x27 build/default/debug/main.o
 .debug_str     0x00000000000001e4       0x1d build/default/debug/mLCD4.o

.debug_loc      0x0000000000000000      0xf06
 *(.debug_loc)
 .debug_loc     0x0000000000000000      0x770 build/default/debug/DIO.o
 .debug_loc     0x0000000000000770      0x366 build/default/debug/mLCD.o
 .debug_loc     0x0000000000000ad6       0xb4 build/default/debug/main.o
 .debug_loc     0x0000000000000b8a      0x37c build/default/debug/mLCD4.o

.debug_macinfo
 *(.debug_macinfo)

.debug_weaknames
 *(.debug_weaknames)

.debug_funcnames
 *(.debug_funcnames)

.debug_typenames
 *(.debug_typenames)

.debug_varnames
 *(.debug_varnames)

.debug_pubtypes
 *(.debug_pubtypes)

.debug_ranges   0x0000000000000000      0x158
 *(.debug_ranges)
 .debug_ranges  0x0000000000000000       0xc8 build/default/debug/DIO.o
 .debug_ranges  0x00000000000000c8       0x40 build/default/debug/mLCD.o
 .debug_ranges  0x0000000000000108       0x10 build/default/debug/main.o
 .debug_ranges  0x0000000000000118       0x40 build/default/debug/mLCD4.o

.debug_macro
 *(.debug_macro)
OUTPUT(dist/default/debug/y_omar2.X.debug.elf elf32-avr)
LOAD linker stubs
LOAD data_init

.note.gnu.avr.deviceinfo
                0x0000000000000000       0x3c
 .note.gnu.avr.deviceinfo
                0x0000000000000000       0x3c E:/Program Files/mplabx/packs/Microchip/ATmega_DFP/3.1.264/xc8/avr/lib/avr5/crtatmega32a.o

.text.LCD4_data_num
                0x00000000000000b0       0xee
 .text.LCD4_data_num
                0x00000000000000b0       0xee build/default/debug/mLCD4.o
                0x00000000000000b0                LCD4_data_num

.text.setPIND   0x000000000000019e       0x60
 .text.setPIND  0x000000000000019e       0x60 build/default/debug/DIO.o
                0x000000000000019e                setPIND

.text.initLCD   0x00000000000001fe       0x56
 .text.initLCD  0x00000000000001fe       0x56 build/default/debug/mLCD.o
                0x00000000000001fe                initLCD

.text.main      0x0000000000000254       0x46
 .text.main     0x0000000000000254       0x46 build/default/debug/main.o
                0x0000000000000254                main

.text.setPIND_dir
                0x000000000000029a       0x44
 .text.setPIND_dir
                0x000000000000029a       0x44 build/default/debug/DIO.o
                0x000000000000029a                setPIND_dir

.text.LCD4_data
                0x00000000000002de       0x42
 .text.LCD4_data
                0x00000000000002de       0x42 build/default/debug/mLCD4.o
                0x00000000000002de                LCD4_data

.text.libgcc.div
                0x0000000000000320       0x28
 .text.libgcc.div
                0x0000000000000320       0x28 e:/program files/avr/bin/../lib/gcc/avr/5.4.0/avr5\libgcc.a(_divmodhi4.o)
                0x0000000000000320                _div
                0x0000000000000320                __divmodhi4

.text.libgcc.div
                0x0000000000000348       0x28
 .text.libgcc.div
                0x0000000000000348       0x28 e:/program files/avr/bin/../lib/gcc/avr/5.4.0/avr5\libgcc.a(_udivmodhi4.o)
                0x0000000000000348                __udivmodhi4

.text.LCD4_CLEAR
                0x0000000000000370       0x26
 .text.LCD4_CLEAR
                0x0000000000000370       0x26 build/default/debug/mLCD4.o
                0x0000000000000370                LCD4_CLEAR

.text.LCD4_data_str
                0x0000000000000396       0x1e
 .text.LCD4_data_str
                0x0000000000000396       0x1e build/default/debug/mLCD4.o
                0x0000000000000396                LCD4_data_str

.text.LCD_cmd   0x00000000000003b4       0x1c
 .text.LCD_cmd  0x00000000000003b4       0x1c build/default/debug/mLCD.o
                0x00000000000003b4                LCD_cmd

.text.LCD_CLEAR
                0x00000000000003d0       0x18
 .text.LCD_CLEAR
                0x00000000000003d0       0x18 build/default/debug/mLCD.o
                0x00000000000003d0                LCD_CLEAR

.text.exit      0x00000000000003e8       0x16
 .text.exit     0x00000000000003e8       0x16 e:/program files/avr/bin/../lib/gcc/avr/5.4.0/../../../../avr/lib/avr5\libc.a(exit.o)
                0x00000000000003e8                exit

.text.setPORTC_dir
                0x00000000000003fe       0x14
 .text.setPORTC_dir
                0x00000000000003fe       0x14 build/default/debug/DIO.o
                0x00000000000003fe                setPORTC_dir

.text.LCD_en    0x0000000000000412       0x12
 .text.LCD_en   0x0000000000000412       0x12 build/default/debug/mLCD.o
                0x0000000000000412                LCD_en

.text.LCD4_en   0x0000000000000424       0x12
 .text.LCD4_en  0x0000000000000424       0x12 build/default/debug/mLCD4.o
                0x0000000000000424                LCD4_en

.text           0x0000000000000436        0x4
 .text          0x0000000000000436        0x4 E:/Program Files/mplabx/packs/Microchip/ATmega_DFP/3.1.264/xc8/avr/lib/avr5/crtatmega32a.o
                0x0000000000000436                __vector_1
                0x0000000000000436                __vector_12
                0x0000000000000436                __bad_interrupt
                0x0000000000000436                __vector_6
                0x0000000000000436                __vector_3
                0x0000000000000436                __vector_11
                0x0000000000000436                __vector_13
                0x0000000000000436                __vector_17
                0x0000000000000436                __vector_19
                0x0000000000000436                __vector_7
                0x0000000000000436                __vector_5
                0x0000000000000436                __vector_4
                0x0000000000000436                __vector_9
                0x0000000000000436                __vector_2
                0x0000000000000436                __vector_15
                0x0000000000000436                __vector_8
                0x0000000000000436                __vector_14
                0x0000000000000436                __vector_10
                0x0000000000000436                __vector_16
                0x0000000000000436                __vector_18
                0x0000000000000436                __vector_20

.text._Exit     0x000000000000043a        0x4
 .text._Exit    0x000000000000043a        0x4 e:/program files/avr/bin/../lib/gcc/avr/5.4.0/../../../../avr/lib/avr5\libc.a(_Exit.o)
                0x000000000000043a                _Exit

.text.__dummy_fini
                0x000000000000043e        0x2
 .text.__dummy_fini
                0x000000000000043e        0x2 e:/program files/avr/bin/../lib/gcc/avr/5.4.0/../../../../avr/lib/avr5\libc.a(exit.o)
                0x000000000000043e                _fini

.text.__dummy_funcs_on_exit
                0x0000000000000440        0x2
 .text.__dummy_funcs_on_exit
                0x0000000000000440        0x2 e:/program files/avr/bin/../lib/gcc/avr/5.4.0/../../../../avr/lib/avr5\libc.a(exit.o)
                0x0000000000000440                __funcs_on_exit

.text.__dummy_simulator_exit
                0x0000000000000442        0x2
 .text.__dummy_simulator_exit
                0x0000000000000442        0x2 e:/program files/avr/bin/../lib/gcc/avr/5.4.0/../../../../avr/lib/avr5\libc.a(exit.o)
                0x0000000000000442                __simulator_exit

.rodata         0x0000000000800060        0x6 load address 0x0000000000000444
 .rodata        0x0000000000800060        0x6 build/default/debug/main.o
